// Jest Snapshot v1, https://goo.gl/fbAQLP

exports[`withReview HOC rendering renders correctly 1`] = `<div />`;
