// Jest Snapshot v1, https://goo.gl/fbAQLP

exports[`withActiveFlag HOC rendering renders correctly 1`] = `<div />`;
